// Vitest Snapshot v1, https://vitest.dev/guide/snapshot.html

exports[`workflow trigger contract drift > matches the minified trigger contract snapshot 1`] = `
{
  "coordination": {
    "getRunStatus": {
      "~orpc": {
        "errorMap": {},
        "meta": {
          "audience": "internal",
          "domain": "coordination",
          "entity": "run",
          "idempotent": true,
        },
        "route": {
          "method": "GET",
          "operationId": "coordinationWorkflowGetRunStatus",
          "path": "/coordination/runs/{runId}",
          "summary": "Get coordination workflow run status",
          "tags": [
            "coordination",
          ],
        },
      },
    },
    "getRunTimeline": {
      "~orpc": {
        "errorMap": {},
        "meta": {
          "audience": "internal",
          "domain": "coordination",
          "entity": "run",
          "idempotent": true,
        },
        "route": {
          "method": "GET",
          "operationId": "coordinationWorkflowGetRunTimeline",
          "path": "/coordination/runs/{runId}/timeline",
          "summary": "Get coordination workflow run timeline",
          "tags": [
            "coordination",
          ],
        },
      },
    },
    "queueRun": {
      "~orpc": {
        "errorMap": {},
        "meta": {
          "audience": "internal",
          "domain": "coordination",
          "entity": "run",
          "idempotent": false,
        },
        "route": {
          "method": "POST",
          "operationId": "coordinationWorkflowQueueRun",
          "path": "/coordination/workflows/{workflowId}/run",
          "summary": "Queue a coordination workflow run",
          "tags": [
            "coordination",
          ],
        },
      },
    },
  },
  "supportExample": {
    "triage": {
      "getStatus": {
        "~orpc": {
          "errorMap": {},
          "meta": {},
          "route": {
            "description": "Returns capability health plus optional status details for a specific support triage run.",
            "method": "GET",
            "operationId": "supportExampleGetStatus",
            "path": "/support-example/triage/status",
            "summary": "Get support triage capability status and optional run status",
            "tags": [
              "support-example",
            ],
          },
        },
      },
      "triggerRun": {
        "~orpc": {
          "errorMap": {},
          "meta": {},
          "route": {
            "description": "Queues a durable support triage run and dispatches the corresponding Inngest event.",
            "method": "POST",
            "operationId": "supportExampleTriggerRun",
            "path": "/support-example/triage/runs",
            "summary": "Trigger a support triage run",
            "tags": [
              "support-example",
            ],
          },
        },
      },
    },
  },
}
`;
